2025-11-27 14:06:44,253 - INFO - GET - /usuarios/4
2025-11-27 14:07:14,322 - INFO - POST - /usuarios
2025-11-27 14:07:14,325 - WARNING - Data inválida recebida: 2004-25-11
2025-11-27 14:07:14,325 - WARNING - Data de nascimento inválida fornecida: 2004-25-11
2025-11-27 14:07:36,757 - INFO - POST - /usuarios
2025-11-27 14:07:36,758 - ERROR - CPF já cadastrado: 12345678132
2025-11-27 14:07:52,219 - INFO - POST - /usuarios
2025-11-27 14:08:03,113 - INFO - GET - /usuarios/5
2025-11-27 14:08:10,775 - INFO - POST - /usuarios
2025-11-27 14:08:10,775 - WARNING - Nome do usuário não fornecido na requisição.
2025-11-27 14:08:21,246 - INFO - GET - /instituicoesensino
2025-11-27 14:08:26,425 - INFO - GET - /instituicoesensino
2025-11-27 15:47:08,866 - INFO - GET - /instituicoesensino/ranking/2024
2025-11-27 15:47:16,053 - INFO - GET - /instituicoesensino/ranking/2023
2025-11-27 15:47:21,453 - INFO - GET - /instituicoesensino/ranking/2021
2025-11-27 15:48:57,313 - INFO - GET - /instituicoesensino/ranking/2000
2025-11-27 15:51:53,347 - INFO - GET - /instituicoesensino/ranking/2000
2025-11-27 22:02:10,370 - INFO - GET - /instituicoesensino/ranking/2024
2025-11-27 22:02:17,312 - INFO - GET - /instituicoesensino/ranking/2023
2025-11-27 22:02:20,916 - INFO - GET - /instituicoesensino/ranking/2022
2025-11-27 22:02:23,637 - INFO - GET - /instituicoesensino/ranking/2021
2025-11-27 22:04:59,781 - INFO - GET - /instituicoesensino/ranking/2023
2025-11-27 22:04:59,782 - ERROR - Erro ao buscar ranking de instituições: no such column: NU_
2025-11-27 22:05:15,355 - INFO - GET - /instituicoesensino/ranking/2023
2025-11-27 22:06:20,939 - INFO - GET - /instituicoesensino/ranking/2023
2025-11-27 22:06:58,363 - INFO - GET - /instituicoesensino/ranking/2023
2025-11-27 22:07:27,956 - INFO - GET - /instituicoesensino/ranking/2023
2025-11-27 22:08:29,924 - INFO - GET - /instituicoesensino/ranking/2024
2025-11-27 22:09:51,753 - INFO - GET - /instituicoesensino/ranking/2024
2025-11-27 22:10:00,270 - INFO - GET - /instituicoesensino/ranking/2023
2025-11-27 22:10:06,440 - INFO - GET - /instituicoesensino/ranking/2022
2025-12-08 07:34:59,919 - INFO - GET - /instituicoesensino
2025-12-08 07:36:49,432 - INFO - GET - /instituicoesensino
2026-02-03 10:09:54,481 - INFO - get - /usuario/1
2026-02-03 10:09:54,505 - ERROR - An SQL error occurred: relation "tb_usuario" does not exist
LINE 1: SELECT * FROM tb_usuario WHERE id = 1
                      ^

2026-02-03 15:54:44,679 - INFO - get - /instituicoesensino
2026-02-03 15:54:46,843 - INFO - get - /instituicoesensino
2026-02-03 15:54:57,534 - INFO - get - /usuario/5
2026-02-03 15:55:02,062 - INFO - get - /usuarios
2026-02-03 15:55:09,729 - INFO - get - /usuarios
2026-02-03 15:55:09,740 - INFO - Natan - 12345678892 - 2004-02-11
2026-02-03 15:55:16,400 - INFO - get - /usuario/5
2026-02-03 15:55:18,878 - INFO - get - /usuario/2
2026-02-03 15:57:04,395 - INFO - put - /usuario/2
2026-02-03 15:57:04,412 - INFO - Gustavo - 12345678892 - 2004-02-11
2026-02-03 15:57:08,360 - INFO - get - /usuario/2
2026-02-03 15:57:44,430 - INFO - get - /usuarios
2026-02-03 15:57:44,444 - INFO - Natan - 12345678892 - 2004-02-11
2026-02-03 15:57:48,066 - INFO - get - /usuario/2
2026-02-03 15:57:50,913 - INFO - get - /usuarios
2026-02-03 15:58:11,937 - INFO - get - /usuario/2
2026-02-03 15:58:15,856 - INFO - get - /usuarios
2026-02-03 15:58:17,659 - INFO - get - /usuarios
2026-02-03 15:58:18,443 - INFO - get - /usuarios
2026-02-03 15:58:21,397 - INFO - get - /usuario/2
2026-02-03 15:58:27,204 - INFO - delete - /usuario/2
2026-02-03 15:58:30,786 - INFO - get - /usuarios
2026-02-03 16:02:47,196 - INFO - get - /instituicoesensino
2026-02-03 16:02:48,227 - INFO - get - /instituicoesensino
2026-02-03 16:20:49,238 - INFO - get - /usuarios
2026-02-03 16:22:27,336 - INFO - get - /usuario/1
2026-02-03 16:22:31,801 - INFO - get - /usuario/5
2026-02-03 16:26:22,856 - INFO - get - /usuarios
2026-02-03 16:26:26,004 - INFO - get - /usuarios
2026-02-05 10:42:38,618 - INFO - get - /usuario/5
2026-02-05 10:42:43,194 - INFO - get - /usuarios
2026-02-05 10:56:35,264 - INFO - get - /instituicoesensino
2026-02-05 10:59:54,646 - INFO - get - /instituicoesensino
2026-02-05 11:00:15,499 - INFO - get - /instituicoesensino
2026-02-05 15:46:55,448 - INFO - get - /usuarios
2026-02-05 15:48:27,595 - INFO - get - /usuarios
2026-02-05 15:48:49,749 - INFO - get - /instituicoes-ensino
2026-02-05 15:48:49,792 - ERROR - SQL Error: relation "tb_instituicao_ensino" does not exist
LINE 1: SELECT id, codigo, nome FROM tb_instituicao_ensino
                                     ^

2026-02-05 15:50:14,583 - INFO - get - /instituicoesensino
2026-02-05 15:55:46,635 - INFO - get - /instituicoesensino
2026-02-05 15:55:50,619 - INFO - get - /instituicoesensino
2026-02-05 15:55:51,734 - INFO - get - /instituicoesensino
2026-02-05 15:55:51,743 - INFO - get - /instituicoesensino
2026-02-05 15:56:19,185 - INFO - get - /instituicoesensino/1
2026-02-05 15:56:28,046 - INFO - get - /instituicoesensino
2026-02-05 15:56:36,944 - INFO - get - /instituicoesensino
2026-02-05 16:04:16,508 - INFO - get - /instituicoesensino
2026-02-05 16:04:19,918 - INFO - get - /instituicoesensino
2026-02-05 16:04:20,954 - INFO - get - /instituicoesensino
2026-02-05 16:04:21,776 - INFO - get - /instituicoesensino
2026-02-05 16:04:22,476 - INFO - get - /instituicoesensino
2026-02-05 16:04:27,826 - INFO - get - /instituicoesensino
2026-02-05 16:04:29,476 - INFO - get - /instituicoesensino
2026-02-05 16:04:30,442 - INFO - get - /instituicoesensino
2026-02-05 16:04:31,080 - INFO - get - /instituicoesensino
2026-02-05 16:04:37,943 - INFO - get - /instituicoesensino
2026-02-05 16:04:38,942 - INFO - get - /instituicoesensino
2026-02-05 16:04:40,687 - INFO - get - /instituicoesensino
2026-02-05 16:04:41,536 - INFO - get - /instituicoesensino
2026-02-06 07:53:59,178 - INFO - get - /instituicoesensino
2026-02-06 07:54:06,189 - INFO - get - /usuarios
2026-02-06 07:58:22,132 - INFO - get - /usuarios
2026-02-06 07:58:23,010 - INFO - get - /usuarios
2026-02-06 08:00:27,476 - INFO - get - /instituicoesensino
